[A7FF-38] loading symbols=96, base_fields=8, latent_fields=3
G:\Project_V7_Rotation\alpha_pit_engine_crypto_20260519\scripts\crypto_a7aa1_primitive_response_map.py:119: RuntimeWarning: Mean of empty slice
  mean = np.nanmean(raw, axis=0, keepdims=True)
G:\Project_V7_Rotation\alpha_pit_engine_crypto_20260519\scripts\crypto_a7al2x5_evaluator_preflight_smoke.py:242: RuntimeWarning: Mean of empty slice
  mean = np.nanmean(vals, axis=0, keepdims=True)
[A7FF-38] evaluating blueprints=360, timestamps=3481, full_timestamps=21025
G:\Project_V7_Rotation\alpha_pit_engine_crypto_20260519\scripts\crypto_a7al2x5_evaluator_preflight_smoke.py:222: RuntimeWarning: Mean of empty slice
  mean = np.nanmean(values, axis=0, keepdims=True)
C:\Users\12398\AppData\Local\Programs\Python\Python311\Lib\site-packages\numpy\lib\_nanfunctions_impl.py:1997: RuntimeWarning: Degrees of freedom <= 0 for slice.
  var = nanvar(a, axis=axis, dtype=dtype, out=out, ddof=ddof,
[A7FF-38] evaluated 32/360
[A7FF-38] evaluated 64/360
[A7FF-38] evaluated 96/360
[A7FF-38] evaluated 128/360
[A7FF-38] evaluated 160/360
[A7FF-38] evaluated 192/360
[A7FF-38] evaluated 224/360
[A7FF-38] evaluated 256/360
[A7FF-38] evaluated 288/360
[A7FF-38] evaluated 320/360
[A7FF-38] evaluated 352/360
{
  "authorizes_alpha_proof": false,
  "authorizes_search": false,
  "authorizes_shadow_paper_live": false,
  "blockers": [],
  "decision": "PASS_A7FF38_NUMERIC_PROBE_CLUES_FOUND_NO_SEARCH_AUTH",
  "executes_generation": false,
  "executes_numeric_probe": true,
  "executes_replay": false,
  "executes_search": false,
  "generated_at": "2026-05-30T12:37:20Z",
  "input_blueprint_count": 360,
  "label_response_rows": 6660,
  "materialized_activity_ok_count": 333,
  "non_l7_numeric_clue_rows": 88,
  "plan": {
    "control_probe_cap": 256,
    "controls": [
      "wrong_lag_future",
      "wrong_lag_stale",
      "time_shuffle",
      "symbol_shuffle",
      "sign_flip",
      "same_family_placebo"
    ],
    "deep_audit_cap": 64,
    "fast_numeric_probe_cap": 256,
    "horizons": [
      "1h",
      "4h",
      "8h",
      "24h"
    ],
    "input_blueprint_source": "runtime/a7ff7e_expanded_derivation_probe_contract/a7ff7e_expanded_blueprint_pool.csv",
    "labels": [
      "L0_raw_forward_return",
      "L1_cross_sectional_relative_return",
      "L3_liquidity_tier_relative_return",
      "L5_vol_adjusted_return",
      "L7_ranked_future_return_diagnostic_only"
    ],
    "materialize_cap": 384,
    "portfolio_marginal_probe_cap": 128,
    "promotion_blockers": [
      "L7-only cannot promote",
      "control_ratio >= 1.0 blocks",
      "single semantic_pair > 35pct blocks",
      "single skeleton > 15pct blocks",
      "numeric replay required before any search authorization"
    ],
    "required_outputs": [
      "a7ff8_materialization_metrics.csv",
      "a7ff8_label_response_metrics.csv",
      "a7ff8_control_dominance_metrics.csv",
      "a7ff8_nonoverlap_stats.csv",
      "a7ff8_portfolio_marginal_proxy.csv",
      "a7ff8_decision_record.json"
    ],
    "selected_blueprints": 384,
    "stage": "A7FF-8",
    "status": "contract_only_not_executed"
  },
  "portfolio_queue_count": 51,
  "queue_limit": 360,
  "queue_offset": 0,
  "queue_path": "G:\\Project_V7_Rotation\\alpha_pit_engine_crypto_20260519\\runtime\\a7ff38_focused_replay_taskflow\\a7ff38_numeric_wave_sample_queue.csv",
  "queue_total_rows": 360,
  "rank_label_diagnostic_clue_rows": 72,
  "selected_portfolio_queue_count": 14,
  "stage": "A7FF-38",
  "uses_may": false
}
