{
  "errors": [
    "missing:frozen_contract.json",
    "missing:embedded_preflight.json",
    "missing:candidate_ledger.parquet",
    "missing:behavior_archive.parquet",
    "missing:behavior_family_summary.json",
    "missing:arm_checkpoint_metrics.parquet",
    "missing:search_failure_evidence.parquet",
    "missing:search_run_evidence.parquet",
    "missing:search_exposure_strata.parquet",
    "missing:search_run_evidence_summary.json",
    "missing:mechanism_knowledge.parquet",
    "missing:mechanism_knowledge_summary.json",
    "missing:final_decision.json",
    "missing:run_manifest.json",
    "missing:report"
  ],
  "result": "FAIL"
}
