[A7INPUT-3] loading symbols=96, base_fields=11, latent_fields=2
G:\Project_V7_Rotation\alpha_pit_engine_crypto_20260519\scripts\crypto_a7aa1_primitive_response_map.py:119: RuntimeWarning: Mean of empty slice
  mean = np.nanmean(raw, axis=0, keepdims=True)
G:\Project_V7_Rotation\alpha_pit_engine_crypto_20260519\scripts\crypto_a7al2x5_evaluator_preflight_smoke.py:242: RuntimeWarning: Mean of empty slice
  mean = np.nanmean(vals, axis=0, keepdims=True)
[A7INPUT-3] evaluating blueprints=1216, timestamps=3481, full_timestamps=21025
G:\Project_V7_Rotation\alpha_pit_engine_crypto_20260519\scripts\crypto_a7al2x5_evaluator_preflight_smoke.py:222: RuntimeWarning: Mean of empty slice
  mean = np.nanmean(values, axis=0, keepdims=True)
C:\Users\12398\AppData\Local\Programs\Python\Python311\Lib\site-packages\numpy\lib\_nanfunctions_impl.py:1997: RuntimeWarning: Degrees of freedom <= 0 for slice.
  var = nanvar(a, axis=axis, dtype=dtype, out=out, ddof=ddof,
[A7INPUT-3] evaluated 32/1216
[A7INPUT-3] evaluated 64/1216
[A7INPUT-3] evaluated 96/1216
[A7INPUT-3] evaluated 128/1216
[A7INPUT-3] evaluated 160/1216
[A7INPUT-3] evaluated 192/1216
[A7INPUT-3] evaluated 224/1216
[A7INPUT-3] evaluated 256/1216
[A7INPUT-3] evaluated 288/1216
[A7INPUT-3] evaluated 320/1216
[A7INPUT-3] evaluated 352/1216
[A7INPUT-3] evaluated 384/1216
[A7INPUT-3] evaluated 416/1216
[A7INPUT-3] evaluated 448/1216
[A7INPUT-3] evaluated 480/1216
[A7INPUT-3] evaluated 512/1216
[A7INPUT-3] evaluated 544/1216
[A7INPUT-3] evaluated 576/1216
[A7INPUT-3] evaluated 608/1216
[A7INPUT-3] evaluated 640/1216
[A7INPUT-3] evaluated 672/1216
[A7INPUT-3] evaluated 704/1216
[A7INPUT-3] evaluated 736/1216
[A7INPUT-3] evaluated 768/1216
[A7INPUT-3] evaluated 800/1216
[A7INPUT-3] evaluated 832/1216
[A7INPUT-3] evaluated 864/1216
[A7INPUT-3] evaluated 896/1216
[A7INPUT-3] evaluated 928/1216
[A7INPUT-3] evaluated 960/1216
[A7INPUT-3] evaluated 992/1216
[A7INPUT-3] evaluated 1024/1216
[A7INPUT-3] evaluated 1056/1216
[A7INPUT-3] evaluated 1088/1216
[A7INPUT-3] evaluated 1120/1216
[A7INPUT-3] evaluated 1152/1216
[A7INPUT-3] evaluated 1184/1216
[A7INPUT-3] evaluated 1216/1216
{
  "authorizes_alpha_proof": false,
  "authorizes_search": false,
  "authorizes_shadow_paper_live": false,
  "blockers": [],
  "decision": "PASS_A7INPUT3_NUMERIC_PROBE_CLUES_FOUND_NO_SEARCH_AUTH",
  "executes_generation": false,
  "executes_numeric_probe": true,
  "executes_replay": false,
  "executes_search": false,
  "generated_at": "2026-06-03T06:12:09Z",
  "input_blueprint_count": 1216,
  "label_response_rows": 16720,
  "labels": [
    "L0_raw_forward_return",
    "L1_cross_sectional_relative_return",
    "L3_liquidity_tier_relative_return",
    "L5_vol_adjusted_return",
    "L7_ranked_future_return"
  ],
  "materialized_activity_ok_count": 836,
  "non_l7_numeric_clue_rows": 272,
  "plan": {
    "control_probe_cap": 256,
    "controls": [
      "wrong_lag_future",
      "wrong_lag_stale",
      "time_shuffle",
      "symbol_shuffle",
      "sign_flip",
      "same_family_placebo"
    ],
    "deep_audit_cap": 64,
    "fast_numeric_probe_cap": 256,
    "horizons": [
      "1h",
      "4h",
      "8h",
      "24h"
    ],
    "input_blueprint_source": "runtime/a7ff7e_expanded_derivation_probe_contract/a7ff7e_expanded_blueprint_pool.csv",
    "labels": [
      "L0_raw_forward_return",
      "L1_cross_sectional_relative_return",
      "L3_liquidity_tier_relative_return",
      "L5_vol_adjusted_return",
      "L7_ranked_future_return_diagnostic_only"
    ],
    "materialize_cap": 384,
    "portfolio_marginal_probe_cap": 128,
    "promotion_blockers": [
      "L7-only cannot promote",
      "control_ratio >= 1.0 blocks",
      "single semantic_pair > 35pct blocks",
      "single skeleton > 15pct blocks",
      "numeric replay required before any search authorization"
    ],
    "required_outputs": [
      "a7ff8_materialization_metrics.csv",
      "a7ff8_label_response_metrics.csv",
      "a7ff8_control_dominance_metrics.csv",
      "a7ff8_nonoverlap_stats.csv",
      "a7ff8_portfolio_marginal_proxy.csv",
      "a7ff8_decision_record.json"
    ],
    "selected_blueprints": 384,
    "stage": "A7FF-8",
    "status": "contract_only_not_executed"
  },
  "portfolio_queue_count": 298,
  "queue_limit": 1216,
  "queue_offset": 0,
  "queue_path": "G:\\Project_V7_Rotation\\alpha_pit_engine_crypto_20260519\\runtime\\a7input3_tag_aware_numeric_preflight\\a7input3_numeric_preflight_queue.csv",
  "queue_total_rows": 1216,
  "rank_label_diagnostic_clue_rows": 489,
  "selected_portfolio_queue_count": 23,
  "stage": "A7INPUT-3",
  "uses_may": false,
  "writes_control_detail": true
}
