{
  "experiment_authority_preflight": {
    "authority_refs": {
      "cost": {
        "active_authority": false,
        "authority_class": "NON_FORMAL",
        "component": "real_data_mapping_cost_evaluator",
        "lifecycle": "EXPERIMENTAL",
        "status": "BOUND_NON_FORMAL_EXPERIMENT"
      },
      "execution_price": {
        "active_authority": false,
        "authority_class": "NON_FORMAL",
        "component": "real_policy_upgrade_canary",
        "lifecycle": "EXPERIMENTAL",
        "status": "BOUND_NON_FORMAL_EXPERIMENT"
      },
      "optimizer_reward": {
        "active_authority": false,
        "authority_class": "NON_FORMAL",
        "component": "real_policy_upgrade_canary",
        "lifecycle": "EXPERIMENTAL",
        "status": "BOUND_NON_FORMAL_EXPERIMENT"
      },
      "portfolio_mapping": {
        "active_authority": true,
        "authority_class": "FORMAL",
        "component": "explicit_portfolio_mapping",
        "lifecycle": "ACTIVE",
        "status": "RESOLVED"
      },
      "promotion_gate": {
        "active_authority": true,
        "authority_class": "FORMAL",
        "component": "sealed_research_boundaries",
        "lifecycle": "FORBIDDEN",
        "status": "RESOLVED"
      },
      "target": {
        "active_authority": false,
        "authority_class": "NON_FORMAL",
        "component": "real_policy_upgrade_canary",
        "lifecycle": "EXPERIMENTAL",
        "status": "BOUND_NON_FORMAL_EXPERIMENT"
      },
      "validation_role": {
        "active_authority": false,
        "authority_class": "NON_FORMAL",
        "component": "real_policy_upgrade_canary",
        "lifecycle": "EXPERIMENTAL",
        "status": "BOUND_NON_FORMAL_EXPERIMENT"
      }
    },
    "decision_to_change": "whether replication-aware Evolution replaces current development selection authority",
    "economic_receipt": {
      "component_sha256": {
        "aggregate_mechanism_knowledge": "2C83DAC8C8414D428D06C4DF8CC2D6ADDF0F48AE6C28D100D2081DA9E9E5F88D",
        "behavior_provenance_consumer": "C481E6A58467BE816A875FF55D3A3F09123BDBEACCAA2B7339DD568A5F42882E",
        "campaign_contract": "6868E47273A598FCD16C250A8D324BB5AE817DC884CBDFFDFBF168143DAEF942",
        "direction": "BBC246A15012EDD1F8133E16C4E920529002EE36895351373BCE4FA1161D10F9",
        "expanded_mechanism_catalog": "DF7DF713592AA1A1F722B998D0A262C9F12F021E3F10B741C3451182EFC5A748",
        "mechanism": "748E58B2780275B61CDB9B07C967A705CFAAFB506C25AEAE5677D4103359A1E0",
        "mechanism_mapping": "0EC46865116DE3C1F40C01A7ABCEBD4AFDF51940057974772B1B841516884741",
        "optimizer_reward_and_matched_attribution": "23DC1B680613C558154E9D83DAC95EE0D944F834E26C37C77BA4E6B7F78E593B",
        "portfolio_mapping_and_cost": "C868E17F941E6677114920F63E7CD9BB45453106D8211E2B080787A2BC4367CF",
        "runtime_binding": "C0FAFB4E096493777E3F972E0FF709E29091BA0E3A14E6B0A8BDA8ADC362EEE5",
        "target_contract": "2EBC07A444C98465C49EC042890EB9DCEEAA7956E45D38F48830F130AAB66A60",
        "target_execution": "1D409B1580DC9AAF90C7A3C4E619F9C0998AA727AA4DC9204CCDB3538CC04630",
        "validation_kill_line": "11EC97EC30B42238D5B5D4978DADB2BC1F16432D464AC2A5E7A3B5F1F781F729"
      },
      "cost": {
        "cost_bps": 5.0,
        "initial_establishment_charged": true,
        "model_id": "FULL_L1_FIXED_BPS"
      },
      "direction": {
        "allowed_values": [
          -1,
          1
        ],
        "authority_symbol": "scripts.crypto_a7reward1_portfolio_reward_model.select_train_orientation",
        "fit_role": "FRESH_DEVELOPMENT_TRAIN_ONLY",
        "persist_in_candidate_ledger": true,
        "rule": "TRAIN_FROZEN_SIGN_ORIENTATION"
      },
      "evidence_partition": {
        "holdout": {
          "end_exclusive": "2026-07-01T00:00:00Z",
          "optimizer_feedback_allowed": false,
          "policy_memory_write_allowed": false,
          "read_allowed": false,
          "role": "READ_ONLY_HOLDOUT_REQUIRES_SEPARATE_AUTHORIZATION",
          "start": "2026-01-01T00:00:00Z"
        },
        "train": {
          "end_exclusive": "2025-11-01T00:00:00Z",
          "optimizer_feedback_allowed": true,
          "role": "FRESH_DEVELOPMENT_TRAIN_ONLY",
          "start": "2025-08-29T07:00:00Z"
        },
        "validation": {
          "candidate_generation_allowed": false,
          "end_exclusive": "2026-01-01T00:00:00Z",
          "optimizer_feedback_allowed": false,
          "policy_memory_write_allowed": false,
          "role": "NOT_AUTHORIZED",
          "start": "2025-11-01T00:00:00Z"
        }
      },
      "execution": {
        "authority_config": "config/crypto_search_engine_v1_4_binance_target_replay.json",
        "execution_delay_hours": 2,
        "formula": "log(open_price[t+2+h] / open_price[t+2])",
        "horizons_hours": [
          1,
          4
        ],
        "instrument_type": "LINEAR_PERPETUAL",
        "missing_value_fill": null,
        "partition_tail_purge_hours": 6,
        "positive_price_required": true,
        "price_field": "open_price",
        "source": "DELIVERED_AGGTRADES_COMPACT_1M_AGGREGATED_1H",
        "target_cache_identity_sha256": "27F780D458CBA50D6C82393F7DFDA396AC3994724645D112C4F8EF0ACDA865F0",
        "target_cache_path": ".cache/crypto_search_engine_v1_4/binance_open_target_v1",
        "target_store_symbol": "alphafactory_crypto.broad_search.replay_v14_binance_target.BinanceTargetStore",
        "venue": "BINANCE_USD_M"
      },
      "formal_claims_authorized": false,
      "holdout": {
        "end_exclusive": "2026-07-01T00:00:00Z",
        "optimizer_feedback_allowed": false,
        "policy_memory_write_allowed": false,
        "read_allowed": false,
        "role": "READ_ONLY_HOLDOUT_REQUIRES_SEPARATE_AUTHORIZATION",
        "start": "2026-01-01T00:00:00Z"
      },
      "market": {
        "asset_class": "CRYPTO",
        "calendar": "CONTINUOUS_UTC"
      },
      "mechanism": {
        "aggregate_knowledge_path": "config/crypto_search_mechanism_v2_aggregate_knowledge.json",
        "catalog_path": "config/crypto_typed_mechanism_catalog_v2_1.json",
        "economic_hypothesis_field": "hypothesis",
        "mapping_adapter_symbol": "alphafactory_crypto.broad_search.compositional18m.mapping_id_for_mechanism_spec",
        "mapping_authority_symbol": "alphafactory_crypto.instrument_canary.grammar.MECHANISM_MAPPING",
        "mapping_classes": [
          "CROSS_SECTIONAL_RELATIVE",
          "DIRECTIONAL_STATEFUL",
          "SPARSE_EVENT_CARRY"
        ],
        "registry_symbol": "alphafactory_crypto.broad_search.compositional18m.compile_mechanism_catalog"
      },
      "optimizer_reward": {
        "authority_id": "CRYPTO_TRAIN_JOINT_PRIMARY_MATCHED_SORTINO_V2",
        "authority_symbol": "alphafactory_crypto.broad_search.pair18m.SEARCH_REWARD_AUTHORITY",
        "feedback_role": "FRESH_DEVELOPMENT_TRAIN_ONLY",
        "pair_reward_role": "MATCHED_ATTRIBUTION_DIAGNOSTIC_ONLY",
        "replication_arm_selection_authority": "DEVELOPMENT_THREE_BLOCK_ROBUST_ORDERING_V1",
        "reward_formula_changed": false
      },
      "portfolio": {
        "mapping_authority_component": "explicit_portfolio_mapping",
        "mapping_ids": [
          "CROSS_SECTIONAL_ZERO_NET",
          "TIME_SERIES_DIRECTIONAL_STATEFUL",
          "SPARSE_EVENT_OR_CARRY"
        ],
        "mapping_symbol": "alphafactory_crypto.instrument_capability.mapping.DEFAULT_MAPPING_CONTRACTS",
        "matched_roles": [
          "PRIMARY_MINUS_LEFT_CONTROL",
          "PRIMARY_MINUS_RIGHT_CONTROL",
          "AB_MINUS_A",
          "AB_MINUS_B",
          "ABC_MINUS_AB"
        ],
        "primary_role": "STANDALONE_MAPPED_PORTFOLIO",
        "shared_support_execution_horizon_cost": true
      },
      "receipt_path": "config/crypto_search_replication_aware_gate_v1_r3_receipt.json",
      "receipt_sha256": "C513BF6F3988503AF6B59433D1EE9EE4443BB7F2BAEFE985BC79A92828A2AFD3",
      "result": "RUN_AUTHORIZED_CONDITIONAL_DEVELOPMENT",
      "run_authorization": {
        "authority": "CURRENT_USER_INSTRUCTION",
        "cost_interpretation": "RESULTS_CONDITIONAL_ON_FROZEN_5_BPS",
        "decision_id": "USER_AUTHORIZED_REPLICATION_AWARE_SEARCH_GATE_V1_R3_20260806",
        "mapping_change_allowed": false,
        "oos_allowed": false,
        "parameter_tuning_allowed": false,
        "passive_evidence_only": false,
        "rescue_rerun_allowed": false,
        "reward_formula_change_allowed": false,
        "scope": "ONE_FRESH_STATE_1536_STRICT_DEVELOPMENT_BLOCK_ROBUST_GATE",
        "search_selection_authority_change_allowed": true,
        "seed_change_allowed": false,
        "validation_allowed": false
      },
      "run_authorized": true,
      "run_outcome": {},
      "search_campaign": {
        "carrier_cache_identity_sha256": "E8BFD15AF1EA58807A75868D52AD3535126DFB77CEDEB404EEE8E690AA58F2BA",
        "carrier_id": "OI_MARK_RANKS51_200_X_AGGTRADES_TOP200_ALIGNED",
        "carrier_manifest": "runtime/crypto_search_engine_v1_4_oi_flow_20260728/aligned_carrier_manifest.json",
        "checkpoint_count": 3,
        "checkpoint_size": 512,
        "field_count": 115,
        "fresh_state": true,
        "runner_campaign": "crypto_search_replication_aware_gate_v1",
        "runtime_date": "20260806r3",
        "seed_derivation": "SHA256_U32_BIG_ENDIAN(epoch_id|seed|ordinal_0_TO_1)",
        "seed_set": [
          1544162162,
          58589310
        ],
        "strict_evaluated_target": 1536
      },
      "train": {
        "end_exclusive": "2025-11-01T00:00:00Z",
        "optimizer_feedback_allowed": true,
        "role": "FRESH_DEVELOPMENT_TRAIN_ONLY",
        "start": "2025-08-29T07:00:00Z"
      },
      "validation": {
        "candidate_generation_allowed": false,
        "end_exclusive": "2026-01-01T00:00:00Z",
        "optimizer_feedback_allowed": false,
        "policy_memory_write_allowed": false,
        "role": "NOT_AUTHORIZED",
        "start": "2025-11-01T00:00:00Z"
      },
      "validation_kill_line": {
        "arm_aggregation": "NOT_AUTHORIZED",
        "authority_symbol": "alphafactory_crypto.broad_search.experiment_authority.evaluate_search_validation_kill_line",
        "candidate_selection": "NOT_AUTHORIZED",
        "checkpoint_action": "NOT_AUTHORIZED",
        "continuation_action": "NOT_AUTHORIZED",
        "control_arm_id": "block_robust_typed_random_v1",
        "equal_matched_evaluated_count": true,
        "evaluated_per_active_arm": 0,
        "evaluated_per_arm_per_horizon": 0,
        "evaluation_order": "NOT_AUTHORIZED",
        "failed_arm_allocation": "NOT_AUTHORIZED",
        "failure_action": "NOT_AUTHORIZED",
        "minimum_evaluated_per_active_arm": 0,
        "orchestration_campaign": "crypto_search_replication_aware_gate_v1",
        "random_control_survival_required": false,
        "required_horizons_hours": [
          4
        ],
        "runtime_symbol": "alphafactory_crypto.broad_search.search_engine_v1.run_engine",
        "status": "NOT_AUTHORIZED",
        "threshold_tuning_allowed": false,
        "trigger_after_train_checkpoint_index": 999
      }
    },
    "evidence_to_add": "equal-count development-block replication productivity and migration-ranking evidence",
    "formal_claims_authorized": false,
    "receipt_bound_non_formal_authorization": null,
    "result": "READY_WITH_NON_FORMAL_BOUNDARIES"
  }
}
{"behavior_families": 99, "checkpoint_index": 0, "event": "search_engine_v1_progress", "generation_attempts": 104, "observed_pairs_per_hour": 3938.226954236106, "required_pairs_per_hour": 512.0, "strict_evaluated": 100, "worker_slot_fill_ratio": 0.8, "workers": 10}
{"behavior_families": 397, "checkpoint_index": 0, "event": "search_engine_v1_progress", "generation_attempts": 445, "observed_pairs_per_hour": 3944.995306314564, "required_pairs_per_hour": 512.0, "strict_evaluated": 400, "worker_slot_fill_ratio": 0.7, "workers": 10}
{"arm_states": {"block_robust_evolution_current_v1": "ACTIVE", "block_robust_evolution_replication_v1": "ACTIVE", "block_robust_typed_random_v1": "ACTIVE"}, "behavior_families": 503, "checkpoint": "checkpoint_000", "event": "search_engine_v1_checkpoint_complete", "exit_gates": {}, "restore_verified": true, "strict_evaluated": 512}
{"arm_states": {"block_robust_evolution_current_v1": "ACTIVE", "block_robust_evolution_replication_v1": "ACTIVE", "block_robust_typed_random_v1": "ACTIVE"}, "behavior_families": 986, "checkpoint": "checkpoint_001", "event": "search_engine_v1_checkpoint_complete", "exit_gates": {}, "restore_verified": true, "strict_evaluated": 1024}
{"behavior_families": 1154, "checkpoint_index": 2, "event": "search_engine_v1_progress", "generation_attempts": 1601, "observed_pairs_per_hour": 3818.8818994693115, "required_pairs_per_hour": 512.0, "strict_evaluated": 1200, "worker_slot_fill_ratio": 0.6127450980392157, "workers": 10}
{"arm_states": {"block_robust_evolution_current_v1": "ACTIVE", "block_robust_evolution_replication_v1": "ACTIVE", "block_robust_typed_random_v1": "ACTIVE"}, "behavior_families": 1464, "checkpoint": "checkpoint_002", "event": "search_engine_v1_checkpoint_complete", "exit_gates": {}, "restore_verified": true, "strict_evaluated": 1536}
