stage=generate_pilot_candidates
stage=select_strict generated=131072
stage=evaluate_strict selected=1536
pilot evaluated 100/1536
pilot evaluated 200/1536
pilot evaluated 300/1536
pilot evaluated 400/1536
pilot evaluated 500/1536
pilot evaluated 600/1536
pilot evaluated 700/1536
pilot evaluated 800/1536
pilot evaluated 900/1536
pilot evaluated 1000/1536
pilot evaluated 1100/1536
pilot evaluated 1200/1536
pilot evaluated 1300/1536
pilot evaluated 1400/1536
pilot evaluated 1500/1536
stage=score
{
  "alpha_proof_status": "NOT_ALPHA_PROOF",
  "authorizes_full_l1_without_checkpoint": false,
  "authorizes_l2_execution": false,
  "authorizes_l3_execution": false,
  "authorizes_next_64_cell_checkpoint": true,
  "blockers": [],
  "cell_end": 191,
  "cell_start": 128,
  "checkpoint_id": "03",
  "decision": "PASS_A7O_L1_PILOT_CHECKPOINT_READY_FOR_NEXT_64_CELLS",
  "executes_replay": true,
  "executes_search": true,
  "generated_at": "2026-05-20T16:52:13Z",
  "may_policy": {
    "allowed": [
      "post_selection_stress_label",
      "post_selection_veto",
      "failure_attribution"
    ],
    "forbidden": [
      "score",
      "ranking",
      "threshold",
      "generation",
      "allocation",
      "mutation",
      "surrogate_target"
    ]
  },
  "metrics": {
    "active_cells_with_valid_deep_audit": 64,
    "deep_audit_selected": 192,
    "deep_selection_policy": "global_liquidity_volatility_cap_15pct",
    "eval_failure_count": 0,
    "fold_metric_missing_rate": 0.0,
    "generated": 131072,
    "liquidity_volatility_deep_cap": 28,
    "liquidity_volatility_deep_count": 18,
    "liquidity_volatility_deep_forced_fill_count": 0,
    "liquidity_volatility_deep_share": 0.09375,
    "placebo_or_null_research_candidates": 0,
    "post_may_eligible_deep_survivors": 8,
    "single_feature_operator_horizon_motif_share": 0.015625,
    "single_horizon_deep_share": 0.140625,
    "single_hypothesis_family_share": 0.109375,
    "single_return_corr_cluster_share": 0.046875,
    "strict_replay_selected": 1536
  },
  "outputs": {
    "cell_failure_map": "G:\\AlphaFactory_CryptoData\\alphafactory_crypto\\runtime\\a7o_l1_checkpoint_03\\a7o_l1_checkpoint_03_cell_failure_map.csv",
    "cell_registry": "G:\\AlphaFactory_CryptoData\\alphafactory_crypto\\runtime\\a7o_l1_checkpoint_03\\a7o_l1_checkpoint_03_cell_registry.csv",
    "checkpoint_decision": "G:\\AlphaFactory_CryptoData\\alphafactory_crypto\\runtime\\a7o_l1_checkpoint_03\\a7o_l1_checkpoint_03_checkpoint_decision.json",
    "cost_lag_fold_metrics": "G:\\AlphaFactory_CryptoData\\alphafactory_crypto\\runtime\\a7o_l1_checkpoint_03\\a7o_l1_checkpoint_03_cost_lag_fold_metrics.csv",
    "cumulative_checkpoint_summary": "G:\\AlphaFactory_CryptoData\\alphafactory_crypto\\runtime\\a7o_l1_cumulative_checkpoint_summary.csv",
    "deep_audit_scoreboard": "G:\\AlphaFactory_CryptoData\\alphafactory_crypto\\runtime\\a7o_l1_checkpoint_03\\a7o_l1_checkpoint_03_deep_audit_scoreboard.csv",
    "deep_selection_policy": "G:\\AlphaFactory_CryptoData\\alphafactory_crypto\\runtime\\a7o_l1_checkpoint_03\\a7o_l1_checkpoint_03_deep_selection_policy.csv",
    "eval_failures": "G:\\AlphaFactory_CryptoData\\alphafactory_crypto\\runtime\\a7o_l1_checkpoint_03\\a7o_l1_checkpoint_03_eval_failures.csv",
    "fold_definition": "G:\\AlphaFactory_CryptoData\\alphafactory_crypto\\runtime\\a7o_l1_checkpoint_03\\a7o_l1_checkpoint_03_fold_definition.csv",
    "fold_replay_metrics": "G:\\AlphaFactory_CryptoData\\alphafactory_crypto\\runtime\\a7o_l1_checkpoint_03\\a7o_l1_checkpoint_03_fold_replay_metrics.csv",
    "generation_funnel": "G:\\AlphaFactory_CryptoData\\alphafactory_crypto\\runtime\\a7o_l1_checkpoint_03\\a7o_l1_checkpoint_03_generation_funnel.csv",
    "may_stress_only_audit": "G:\\AlphaFactory_CryptoData\\alphafactory_crypto\\runtime\\a7o_l1_checkpoint_03\\a7o_l1_checkpoint_03_may_stress_only_audit.csv",
    "placebo_null_comparison": "G:\\AlphaFactory_CryptoData\\alphafactory_crypto\\runtime\\a7o_l1_checkpoint_03\\a7o_l1_checkpoint_03_placebo_null_comparison.csv",
    "post_may_eligible_pool": "G:\\AlphaFactory_CryptoData\\alphafactory_crypto\\runtime\\a7o_l1_checkpoint_03\\a7o_l1_checkpoint_03_post_may_eligible_pool.csv",
    "report": "G:\\AlphaFactory_CryptoData\\alphafactory_crypto\\reports\\CRYPTO_A7O_L1_CHECKPOINT_03_20260521.md",
    "residual_fold_metrics": "G:\\AlphaFactory_CryptoData\\alphafactory_crypto\\runtime\\a7o_l1_checkpoint_03\\a7o_l1_checkpoint_03_residual_fold_metrics.csv",
    "return_corr_clusters": "G:\\AlphaFactory_CryptoData\\alphafactory_crypto\\runtime\\a7o_l1_checkpoint_03\\a7o_l1_checkpoint_03_return_corr_clusters.csv",
    "split_metrics": "G:\\AlphaFactory_CryptoData\\alphafactory_crypto\\runtime\\a7o_l1_checkpoint_03\\a7o_l1_checkpoint_03_split_metrics.csv",
    "static_validity_funnel": "G:\\AlphaFactory_CryptoData\\alphafactory_crypto\\runtime\\a7o_l1_checkpoint_03\\a7o_l1_checkpoint_03_static_validity_funnel.csv",
    "strict_replay_selected": "G:\\AlphaFactory_CryptoData\\alphafactory_crypto\\runtime\\a7o_l1_checkpoint_03\\a7o_l1_checkpoint_03_strict_replay_selected.csv"
  },
  "pilot_only": true,
  "shadow_paper_live_status": "NOT_AUTHORIZED",
  "stable_manifest_hash": "c3ae5fe111d62bb7da059795eabfc8cd72a75b3d144986648f6647f7895ee293"
}
